> Building...
ÔêÜ Building...
Browser bundles     
Initial chunk files  | Names                       |  Raw size | Estimated transfer size
chunk-GF4PT4LI.js    | -                           | 290.42 kB |                79.64 kB
styles-G5D4ZOAP.css  | styles                      |  29.48 kB |                 5.30 kB
main-FRXH2KSS.js     | main                        |  11.09 kB |                 3.70 kB
chunk-WYUIZOPY.js    | -                           | 580 bytes |               580 bytes

                     | Initial total               | 331.57 kB |                89.23 kB

Lazy chunk files     | Names                       |  Raw size | Estimated transfer size
chunk-GJHISE3G.js    | -                           |  51.16 kB |                11.66 kB
chunk-QLTL3ZFN.js    | patient-form-page-component |  20.22 kB |                 5.41 kB
chunk-FUOZX2SV.js    | patient-list-page-component |  12.74 kB |                 3.72 kB


Server bundles      
Initial chunk files  | Names                       |  Raw size
server.mjs           | server                      | 811.56 kB |                        
main.server.mjs      | main.server                 | 450.19 kB |                        
chunk-5E2VLLB7.mjs   | -                           | 290.87 kB |                        
polyfills.server.mjs | polyfills.server            | 233.73 kB |                        
chunk-BBJ2OP3G.mjs   | -                           |   1.34 kB |                        
chunk-T55IDOPT.mjs   | -                           | 976 bytes |                        
chunk-D2DEXYVR.mjs   | -                           | 614 bytes |                        

Lazy chunk files     | Names                       |  Raw size
chunk-PG3ZBXW5.mjs   | -                           |  51.24 kB |                        
chunk-BJ7X27ND.mjs   | patient-form-page-component |  20.29 kB |                        
chunk-4MTZLPEW.mjs   | patient-list-page-component |  12.82 kB |                        
chunk-BP7AI3FB.mjs   | xhr2                        |  12.17 kB |                        
chunk-N3SI5I4Q.mjs   | xhr2                        |  12.07 kB |                        

Prerendered 1 static route.
Application bundle generation complete. [22.318 seconds] - 2026-06-12T23:36:18.177Z

Output location: C:\Users\yas\Documents\Faculdade\odontologia-mariana\COM-frontend\dist\COM-frontend

node.exe : npm notice
No linha:1 caractere:1
+ & "C:\Program Files\nodejs/node.exe" "C:\Program Files\nodejs/node_mo ...
+ ~~~~~~~~~~~~~~~~~~~~~~~~~~~~~~~~~~~~~~~~~~~~~~~~~~~~~~~~~~~~~~~~~~~~~
    + CategoryInfo          : NotSpecified: (npm notice:String) [], RemoteException
    + FullyQualifiedErrorId : NativeCommandError
 
npm notice New major version of npm available! 10.9.3 -> 11.17.0
npm notice Changelog: https://github.com/npm/cli/releases/tag/v11.17.0
npm notice To update run: npm install -g npm@11.17.0
npm notice
